// Jest Snapshot v1, https://goo.gl/fbAQLP

exports[`AppCityPage should render 1`] = `
<div>
  Not found
</div>
`;
